// Jest Snapshot v1, https://goo.gl/fbAQLP

exports[`<TextInput /> should match snapshot 1`] = `
<input
  class="textInput"
  placeholder="FaÃ§a uma busca.."
  type="search"
  value="testando"
/>
`;
